// Jest Snapshot v1, https://goo.gl/fbAQLP

exports[`<Logo/> renders 1`] = `<Logo />`;
