// Jest Snapshot v1, https://goo.gl/fbAQLP

exports[`<Wrapper></Wrapper> renders 1`] = `
<Wrapper>
  child
</Wrapper>
`;
